SYM: A
int: 1
int: -1
float: 1.000000
float: -1.000000
STR: abc
SYM: -
(SYM: A)
(SYM: A)
(SYM: A)
(SYM: A)
(SYM: -)
(SYM: A SYM: B)
(SYM: A SYM: B)
(SYM: A SYM: B)
(SYM: A SYM: B)
(SYM: A (SYM: B))
(SYM: A SYM: B SYM: C)
(SYM: A (SYM: B SYM: C))
((SYM: A) SYM: B SYM: C)
((SYM: A SYM: B) SYM: C)
((SYM: A SYM: B SYM: C))
((SYM: A) (SYM: B) (SYM: C))
